🚀 Habits server running on http://localhost:4000
📋 Health check: http://localhost:4000/health
🔐 CORS origins: http://localhost:5173, http://localhost:5174, http://127.0.0.1:5173, http://127.0.0.1:5174
prisma:query SELECT `main`.`User`.`id`, `main`.`User`.`email`, `main`.`User`.`name`, `main`.`User`.`password`, `main`.`User`.`createdAt`, `main`.`User`.`updatedAt` FROM `main`.`User` WHERE (`main`.`User`.`email` = ? AND 1=1) LIMIT ? OFFSET ?
prisma:query INSERT INTO `main`.`User` (`email`, `name`, `password`, `createdAt`, `updatedAt`) VALUES (?,?,?,?,?) RETURNING `id` AS `id`, `email` AS `email`, `name` AS `name`, `password` AS `password`, `createdAt` AS `createdAt`, `updatedAt` AS `updatedAt`
prisma:query SELECT `main`.`User`.`id`, `main`.`User`.`email`, `main`.`User`.`name`, `main`.`User`.`password`, `main`.`User`.`createdAt`, `main`.`User`.`updatedAt` FROM `main`.`User` WHERE (`main`.`User`.`email` = ? AND 1=1) LIMIT ? OFFSET ?
prisma:query SELECT `main`.`Habit`.`id`, `main`.`Habit`.`name`, `main`.`Habit`.`description`, `main`.`Habit`.`frequency`, `main`.`Habit`.`color`, `main`.`Habit`.`icon`, `main`.`Habit`.`userId`, `main`.`Habit`.`createdAt`, `main`.`Habit`.`updatedAt` FROM `main`.`Habit` WHERE `main`.`Habit`.`userId` = ? ORDER BY `main`.`Habit`.`createdAt` DESC LIMIT ? OFFSET ?
prisma:query INSERT INTO `main`.`Habit` (`name`, `description`, `frequency`, `color`, `icon`, `userId`, `createdAt`, `updatedAt`) VALUES (?,?,?,?,?,?,?,?) RETURNING `id` AS `id`, `name` AS `name`, `description` AS `description`, `frequency` AS `frequency`, `color` AS `color`, `icon` AS `icon`, `userId` AS `userId`, `createdAt` AS `createdAt`, `updatedAt` AS `updatedAt`
prisma:query SELECT `main`.`Habit`.`id`, `main`.`Habit`.`name`, `main`.`Habit`.`description`, `main`.`Habit`.`frequency`, `main`.`Habit`.`color`, `main`.`Habit`.`icon`, `main`.`Habit`.`userId`, `main`.`Habit`.`createdAt`, `main`.`Habit`.`updatedAt` FROM `main`.`Habit` WHERE (`main`.`Habit`.`id` = ? AND `main`.`Habit`.`userId` = ?) LIMIT ? OFFSET ?
prisma:query SELECT `main`.`HabitLog`.`id`, `main`.`HabitLog`.`habitId`, `main`.`HabitLog`.`completed`, `main`.`HabitLog`.`date`, `main`.`HabitLog`.`notes` FROM `main`.`HabitLog` WHERE (`main`.`HabitLog`.`habitId` = ? AND `main`.`HabitLog`.`date` >= ? AND `main`.`HabitLog`.`date` <= ?) LIMIT ? OFFSET ?
prisma:query INSERT INTO `main`.`HabitLog` (`habitId`, `completed`, `date`, `notes`) VALUES (?,?,?,?) RETURNING `id` AS `id`, `habitId` AS `habitId`, `completed` AS `completed`, `date` AS `date`, `notes` AS `notes`
prisma:query SELECT `main`.`Habit`.`id`, `main`.`Habit`.`name`, `main`.`Habit`.`description`, `main`.`Habit`.`frequency`, `main`.`Habit`.`color`, `main`.`Habit`.`icon`, `main`.`Habit`.`userId`, `main`.`Habit`.`createdAt`, `main`.`Habit`.`updatedAt` FROM `main`.`Habit` WHERE `main`.`Habit`.`userId` = ? ORDER BY `main`.`Habit`.`createdAt` DESC LIMIT ? OFFSET ?
prisma:query SELECT `main`.`HabitLog`.`id`, `main`.`HabitLog`.`habitId`, `main`.`HabitLog`.`completed`, `main`.`HabitLog`.`date`, `main`.`HabitLog`.`notes` FROM `main`.`HabitLog` WHERE `main`.`HabitLog`.`habitId` IN (?) ORDER BY `main`.`HabitLog`.`date` DESC LIMIT ? OFFSET ?
prisma:query SELECT 1
prisma:query SELECT `main`.`User`.`id`, `main`.`User`.`email`, `main`.`User`.`name`, `main`.`User`.`password`, `main`.`User`.`createdAt`, `main`.`User`.`updatedAt` FROM `main`.`User` WHERE (`main`.`User`.`email` = ? AND 1=1) LIMIT ? OFFSET ?
prisma:query INSERT INTO `main`.`User` (`email`, `name`, `password`, `createdAt`, `updatedAt`) VALUES (?,?,?,?,?) RETURNING `id` AS `id`, `email` AS `email`, `name` AS `name`, `password` AS `password`, `createdAt` AS `createdAt`, `updatedAt` AS `updatedAt`
prisma:query SELECT `main`.`User`.`id`, `main`.`User`.`email`, `main`.`User`.`name`, `main`.`User`.`createdAt` FROM `main`.`User` WHERE (`main`.`User`.`id` = ? AND 1=1) LIMIT ? OFFSET ?
prisma:query SELECT `main`.`Habit`.`id`, `main`.`Habit`.`name`, `main`.`Habit`.`description`, `main`.`Habit`.`frequency`, `main`.`Habit`.`color`, `main`.`Habit`.`icon`, `main`.`Habit`.`userId`, `main`.`Habit`.`createdAt`, `main`.`Habit`.`updatedAt` FROM `main`.`Habit` WHERE `main`.`Habit`.`userId` = ? ORDER BY `main`.`Habit`.`createdAt` DESC LIMIT ? OFFSET ?
prisma:query SELECT `main`.`Habit`.`id`, `main`.`Habit`.`name`, `main`.`Habit`.`description`, `main`.`Habit`.`frequency`, `main`.`Habit`.`color`, `main`.`Habit`.`icon`, `main`.`Habit`.`userId`, `main`.`Habit`.`createdAt`, `main`.`Habit`.`updatedAt` FROM `main`.`Habit` WHERE `main`.`Habit`.`userId` = ? ORDER BY `main`.`Habit`.`createdAt` DESC LIMIT ? OFFSET ?
prisma:query SELECT `main`.`Habit`.`id`, `main`.`Habit`.`name`, `main`.`Habit`.`description`, `main`.`Habit`.`frequency`, `main`.`Habit`.`color`, `main`.`Habit`.`icon`, `main`.`Habit`.`userId`, `main`.`Habit`.`createdAt`, `main`.`Habit`.`updatedAt` FROM `main`.`Habit` WHERE `main`.`Habit`.`userId` = ? ORDER BY `main`.`Habit`.`createdAt` DESC LIMIT ? OFFSET ?
prisma:query SELECT `main`.`Habit`.`id`, `main`.`Habit`.`name`, `main`.`Habit`.`description`, `main`.`Habit`.`frequency`, `main`.`Habit`.`color`, `main`.`Habit`.`icon`, `main`.`Habit`.`userId`, `main`.`Habit`.`createdAt`, `main`.`Habit`.`updatedAt` FROM `main`.`Habit` WHERE `main`.`Habit`.`userId` = ? ORDER BY `main`.`Habit`.`createdAt` DESC LIMIT ? OFFSET ?
prisma:query SELECT 1
prisma:query INSERT INTO `main`.`Habit` (`name`, `description`, `frequency`, `color`, `icon`, `userId`, `createdAt`, `updatedAt`) VALUES (?,?,?,?,?,?,?,?) RETURNING `id` AS `id`, `name` AS `name`, `description` AS `description`, `frequency` AS `frequency`, `color` AS `color`, `icon` AS `icon`, `userId` AS `userId`, `createdAt` AS `createdAt`, `updatedAt` AS `updatedAt`
prisma:query SELECT `main`.`Habit`.`id`, `main`.`Habit`.`name`, `main`.`Habit`.`description`, `main`.`Habit`.`frequency`, `main`.`Habit`.`color`, `main`.`Habit`.`icon`, `main`.`Habit`.`userId`, `main`.`Habit`.`createdAt`, `main`.`Habit`.`updatedAt` FROM `main`.`Habit` WHERE `main`.`Habit`.`userId` = ? ORDER BY `main`.`Habit`.`createdAt` DESC LIMIT ? OFFSET ?
prisma:query SELECT `main`.`HabitLog`.`id`, `main`.`HabitLog`.`habitId`, `main`.`HabitLog`.`completed`, `main`.`HabitLog`.`date`, `main`.`HabitLog`.`notes` FROM `main`.`HabitLog` WHERE `main`.`HabitLog`.`habitId` IN (?) ORDER BY `main`.`HabitLog`.`date` DESC LIMIT ? OFFSET ?
prisma:query SELECT 1
prisma:query SELECT `main`.`Habit`.`id`, `main`.`Habit`.`name`, `main`.`Habit`.`description`, `main`.`Habit`.`frequency`, `main`.`Habit`.`color`, `main`.`Habit`.`icon`, `main`.`Habit`.`userId`, `main`.`Habit`.`createdAt`, `main`.`Habit`.`updatedAt` FROM `main`.`Habit` WHERE (`main`.`Habit`.`id` = ? AND `main`.`Habit`.`userId` = ?) LIMIT ? OFFSET ?
prisma:query SELECT `main`.`HabitLog`.`id`, `main`.`HabitLog`.`habitId`, `main`.`HabitLog`.`completed`, `main`.`HabitLog`.`date`, `main`.`HabitLog`.`notes` FROM `main`.`HabitLog` WHERE (`main`.`HabitLog`.`habitId` = ? AND `main`.`HabitLog`.`date` >= ? AND `main`.`HabitLog`.`date` <= ?) LIMIT ? OFFSET ?
prisma:query INSERT INTO `main`.`HabitLog` (`habitId`, `completed`, `date`, `notes`) VALUES (?,?,?,?) RETURNING `id` AS `id`, `habitId` AS `habitId`, `completed` AS `completed`, `date` AS `date`, `notes` AS `notes`
prisma:query SELECT `main`.`Habit`.`id`, `main`.`Habit`.`name`, `main`.`Habit`.`description`, `main`.`Habit`.`frequency`, `main`.`Habit`.`color`, `main`.`Habit`.`icon`, `main`.`Habit`.`userId`, `main`.`Habit`.`createdAt`, `main`.`Habit`.`updatedAt` FROM `main`.`Habit` WHERE `main`.`Habit`.`userId` = ? ORDER BY `main`.`Habit`.`createdAt` DESC LIMIT ? OFFSET ?
prisma:query SELECT `main`.`HabitLog`.`id`, `main`.`HabitLog`.`habitId`, `main`.`HabitLog`.`completed`, `main`.`HabitLog`.`date`, `main`.`HabitLog`.`notes` FROM `main`.`HabitLog` WHERE `main`.`HabitLog`.`habitId` IN (?) ORDER BY `main`.`HabitLog`.`date` DESC LIMIT ? OFFSET ?
prisma:query SELECT 1
prisma:query SELECT `main`.`Habit`.`id`, `main`.`Habit`.`name`, `main`.`Habit`.`description`, `main`.`Habit`.`frequency`, `main`.`Habit`.`color`, `main`.`Habit`.`icon`, `main`.`Habit`.`userId`, `main`.`Habit`.`createdAt`, `main`.`Habit`.`updatedAt` FROM `main`.`Habit` WHERE `main`.`Habit`.`userId` = ? ORDER BY `main`.`Habit`.`createdAt` DESC LIMIT ? OFFSET ?
prisma:query SELECT `main`.`HabitLog`.`id`, `main`.`HabitLog`.`habitId`, `main`.`HabitLog`.`completed`, `main`.`HabitLog`.`date`, `main`.`HabitLog`.`notes` FROM `main`.`HabitLog` WHERE `main`.`HabitLog`.`habitId` IN (?) ORDER BY `main`.`HabitLog`.`date` DESC LIMIT ? OFFSET ?
prisma:query SELECT `main`.`Habit`.`id`, `main`.`Habit`.`name`, `main`.`Habit`.`description`, `main`.`Habit`.`frequency`, `main`.`Habit`.`color`, `main`.`Habit`.`icon`, `main`.`Habit`.`userId`, `main`.`Habit`.`createdAt`, `main`.`Habit`.`updatedAt` FROM `main`.`Habit` WHERE `main`.`Habit`.`userId` = ? ORDER BY `main`.`Habit`.`createdAt` DESC LIMIT ? OFFSET ?
prisma:query SELECT `main`.`HabitLog`.`id`, `main`.`HabitLog`.`habitId`, `main`.`HabitLog`.`completed`, `main`.`HabitLog`.`date`, `main`.`HabitLog`.`notes` FROM `main`.`HabitLog` WHERE `main`.`HabitLog`.`habitId` IN (?) ORDER BY `main`.`HabitLog`.`date` DESC LIMIT ? OFFSET ?
prisma:query SELECT 1
prisma:query SELECT `main`.`User`.`id`, `main`.`User`.`email`, `main`.`User`.`name`, `main`.`User`.`createdAt` FROM `main`.`User` WHERE (`main`.`User`.`id` = ? AND 1=1) LIMIT ? OFFSET ?
prisma:query SELECT `main`.`User`.`id`, `main`.`User`.`email`, `main`.`User`.`name`, `main`.`User`.`createdAt` FROM `main`.`User` WHERE (`main`.`User`.`id` = ? AND 1=1) LIMIT ? OFFSET ?
prisma:query SELECT `main`.`Habit`.`id`, `main`.`Habit`.`name`, `main`.`Habit`.`description`, `main`.`Habit`.`frequency`, `main`.`Habit`.`color`, `main`.`Habit`.`icon`, `main`.`Habit`.`userId`, `main`.`Habit`.`createdAt`, `main`.`Habit`.`updatedAt` FROM `main`.`Habit` WHERE `main`.`Habit`.`userId` = ? ORDER BY `main`.`Habit`.`createdAt` DESC LIMIT ? OFFSET ?
prisma:query SELECT `main`.`HabitLog`.`id`, `main`.`HabitLog`.`habitId`, `main`.`HabitLog`.`completed`, `main`.`HabitLog`.`date`, `main`.`HabitLog`.`notes` FROM `main`.`HabitLog` WHERE `main`.`HabitLog`.`habitId` IN (?) ORDER BY `main`.`HabitLog`.`date` DESC LIMIT ? OFFSET ?
prisma:query SELECT `main`.`Habit`.`id`, `main`.`Habit`.`name`, `main`.`Habit`.`description`, `main`.`Habit`.`frequency`, `main`.`Habit`.`color`, `main`.`Habit`.`icon`, `main`.`Habit`.`userId`, `main`.`Habit`.`createdAt`, `main`.`Habit`.`updatedAt` FROM `main`.`Habit` WHERE `main`.`Habit`.`userId` = ? ORDER BY `main`.`Habit`.`createdAt` DESC LIMIT ? OFFSET ?
prisma:query SELECT `main`.`HabitLog`.`id`, `main`.`HabitLog`.`habitId`, `main`.`HabitLog`.`completed`, `main`.`HabitLog`.`date`, `main`.`HabitLog`.`notes` FROM `main`.`HabitLog` WHERE `main`.`HabitLog`.`habitId` IN (?) ORDER BY `main`.`HabitLog`.`date` DESC LIMIT ? OFFSET ?
prisma:query SELECT 1
prisma:query SELECT `main`.`User`.`id`, `main`.`User`.`email`, `main`.`User`.`name`, `main`.`User`.`password`, `main`.`User`.`createdAt`, `main`.`User`.`updatedAt` FROM `main`.`User` WHERE (`main`.`User`.`email` = ? AND 1=1) LIMIT ? OFFSET ?
prisma:query INSERT INTO `main`.`User` (`email`, `name`, `password`, `createdAt`, `updatedAt`) VALUES (?,?,?,?,?) RETURNING `id` AS `id`, `email` AS `email`, `name` AS `name`, `password` AS `password`, `createdAt` AS `createdAt`, `updatedAt` AS `updatedAt`
prisma:query SELECT `main`.`User`.`id`, `main`.`User`.`email`, `main`.`User`.`name`, `main`.`User`.`createdAt` FROM `main`.`User` WHERE (`main`.`User`.`id` = ? AND 1=1) LIMIT ? OFFSET ?
prisma:query SELECT `main`.`Habit`.`id`, `main`.`Habit`.`name`, `main`.`Habit`.`description`, `main`.`Habit`.`frequency`, `main`.`Habit`.`color`, `main`.`Habit`.`icon`, `main`.`Habit`.`userId`, `main`.`Habit`.`createdAt`, `main`.`Habit`.`updatedAt` FROM `main`.`Habit` WHERE `main`.`Habit`.`userId` = ? ORDER BY `main`.`Habit`.`createdAt` DESC LIMIT ? OFFSET ?
prisma:query SELECT `main`.`Habit`.`id`, `main`.`Habit`.`name`, `main`.`Habit`.`description`, `main`.`Habit`.`frequency`, `main`.`Habit`.`color`, `main`.`Habit`.`icon`, `main`.`Habit`.`userId`, `main`.`Habit`.`createdAt`, `main`.`Habit`.`updatedAt` FROM `main`.`Habit` WHERE `main`.`Habit`.`userId` = ? ORDER BY `main`.`Habit`.`createdAt` DESC LIMIT ? OFFSET ?
prisma:query SELECT 1
prisma:query SELECT `main`.`Habit`.`id`, `main`.`Habit`.`name`, `main`.`Habit`.`description`, `main`.`Habit`.`frequency`, `main`.`Habit`.`color`, `main`.`Habit`.`icon`, `main`.`Habit`.`userId`, `main`.`Habit`.`createdAt`, `main`.`Habit`.`updatedAt` FROM `main`.`Habit` WHERE `main`.`Habit`.`userId` = ? ORDER BY `main`.`Habit`.`createdAt` DESC LIMIT ? OFFSET ?
prisma:query SELECT `main`.`Habit`.`id`, `main`.`Habit`.`name`, `main`.`Habit`.`description`, `main`.`Habit`.`frequency`, `main`.`Habit`.`color`, `main`.`Habit`.`icon`, `main`.`Habit`.`userId`, `main`.`Habit`.`createdAt`, `main`.`Habit`.`updatedAt` FROM `main`.`Habit` WHERE `main`.`Habit`.`userId` = ? ORDER BY `main`.`Habit`.`createdAt` DESC LIMIT ? OFFSET ?
prisma:query SELECT `main`.`Habit`.`id`, `main`.`Habit`.`name`, `main`.`Habit`.`description`, `main`.`Habit`.`frequency`, `main`.`Habit`.`color`, `main`.`Habit`.`icon`, `main`.`Habit`.`userId`, `main`.`Habit`.`createdAt`, `main`.`Habit`.`updatedAt` FROM `main`.`Habit` WHERE `main`.`Habit`.`userId` = ? ORDER BY `main`.`Habit`.`createdAt` DESC LIMIT ? OFFSET ?
prisma:query SELECT `main`.`Habit`.`id`, `main`.`Habit`.`name`, `main`.`Habit`.`description`, `main`.`Habit`.`frequency`, `main`.`Habit`.`color`, `main`.`Habit`.`icon`, `main`.`Habit`.`userId`, `main`.`Habit`.`createdAt`, `main`.`Habit`.`updatedAt` FROM `main`.`Habit` WHERE `main`.`Habit`.`userId` = ? ORDER BY `main`.`Habit`.`createdAt` DESC LIMIT ? OFFSET ?
prisma:query SELECT 1
prisma:query SELECT `main`.`Habit`.`id`, `main`.`Habit`.`name`, `main`.`Habit`.`description`, `main`.`Habit`.`frequency`, `main`.`Habit`.`color`, `main`.`Habit`.`icon`, `main`.`Habit`.`userId`, `main`.`Habit`.`createdAt`, `main`.`Habit`.`updatedAt` FROM `main`.`Habit` WHERE `main`.`Habit`.`userId` = ? ORDER BY `main`.`Habit`.`createdAt` DESC LIMIT ? OFFSET ?
prisma:query SELECT `main`.`Habit`.`id`, `main`.`Habit`.`name`, `main`.`Habit`.`description`, `main`.`Habit`.`frequency`, `main`.`Habit`.`color`, `main`.`Habit`.`icon`, `main`.`Habit`.`userId`, `main`.`Habit`.`createdAt`, `main`.`Habit`.`updatedAt` FROM `main`.`Habit` WHERE `main`.`Habit`.`userId` = ? ORDER BY `main`.`Habit`.`createdAt` DESC LIMIT ? OFFSET ?
prisma:query SELECT 1
prisma:query INSERT INTO `main`.`Habit` (`name`, `description`, `frequency`, `color`, `icon`, `userId`, `createdAt`, `updatedAt`) VALUES (?,?,?,?,?,?,?,?) RETURNING `id` AS `id`, `name` AS `name`, `description` AS `description`, `frequency` AS `frequency`, `color` AS `color`, `icon` AS `icon`, `userId` AS `userId`, `createdAt` AS `createdAt`, `updatedAt` AS `updatedAt`
prisma:query SELECT `main`.`Habit`.`id`, `main`.`Habit`.`name`, `main`.`Habit`.`description`, `main`.`Habit`.`frequency`, `main`.`Habit`.`color`, `main`.`Habit`.`icon`, `main`.`Habit`.`userId`, `main`.`Habit`.`createdAt`, `main`.`Habit`.`updatedAt` FROM `main`.`Habit` WHERE `main`.`Habit`.`userId` = ? ORDER BY `main`.`Habit`.`createdAt` DESC LIMIT ? OFFSET ?
prisma:query SELECT `main`.`HabitLog`.`id`, `main`.`HabitLog`.`habitId`, `main`.`HabitLog`.`completed`, `main`.`HabitLog`.`date`, `main`.`HabitLog`.`notes` FROM `main`.`HabitLog` WHERE `main`.`HabitLog`.`habitId` IN (?) ORDER BY `main`.`HabitLog`.`date` DESC LIMIT ? OFFSET ?
prisma:query SELECT `main`.`Habit`.`id`, `main`.`Habit`.`name`, `main`.`Habit`.`description`, `main`.`Habit`.`frequency`, `main`.`Habit`.`color`, `main`.`Habit`.`icon`, `main`.`Habit`.`userId`, `main`.`Habit`.`createdAt`, `main`.`Habit`.`updatedAt` FROM `main`.`Habit` WHERE `main`.`Habit`.`userId` = ? ORDER BY `main`.`Habit`.`createdAt` DESC LIMIT ? OFFSET ?
prisma:query SELECT `main`.`HabitLog`.`id`, `main`.`HabitLog`.`habitId`, `main`.`HabitLog`.`completed`, `main`.`HabitLog`.`date`, `main`.`HabitLog`.`notes` FROM `main`.`HabitLog` WHERE `main`.`HabitLog`.`habitId` IN (?) ORDER BY `main`.`HabitLog`.`date` DESC LIMIT ? OFFSET ?
prisma:query SELECT `main`.`Habit`.`id`, `main`.`Habit`.`name`, `main`.`Habit`.`description`, `main`.`Habit`.`frequency`, `main`.`Habit`.`color`, `main`.`Habit`.`icon`, `main`.`Habit`.`userId`, `main`.`Habit`.`createdAt`, `main`.`Habit`.`updatedAt` FROM `main`.`Habit` WHERE `main`.`Habit`.`userId` = ? ORDER BY `main`.`Habit`.`createdAt` DESC LIMIT ? OFFSET ?
prisma:query SELECT `main`.`HabitLog`.`id`, `main`.`HabitLog`.`habitId`, `main`.`HabitLog`.`completed`, `main`.`HabitLog`.`date`, `main`.`HabitLog`.`notes` FROM `main`.`HabitLog` WHERE `main`.`HabitLog`.`habitId` IN (?) ORDER BY `main`.`HabitLog`.`date` DESC LIMIT ? OFFSET ?
prisma:query SELECT `main`.`Habit`.`id`, `main`.`Habit`.`name`, `main`.`Habit`.`description`, `main`.`Habit`.`frequency`, `main`.`Habit`.`color`, `main`.`Habit`.`icon`, `main`.`Habit`.`userId`, `main`.`Habit`.`createdAt`, `main`.`Habit`.`updatedAt` FROM `main`.`Habit` WHERE (`main`.`Habit`.`id` = ? AND `main`.`Habit`.`userId` = ?) LIMIT ? OFFSET ?
prisma:query SELECT `main`.`HabitLog`.`id`, `main`.`HabitLog`.`habitId`, `main`.`HabitLog`.`completed`, `main`.`HabitLog`.`date`, `main`.`HabitLog`.`notes` FROM `main`.`HabitLog` WHERE (`main`.`HabitLog`.`habitId` = ? AND `main`.`HabitLog`.`date` >= ? AND `main`.`HabitLog`.`date` <= ?) LIMIT ? OFFSET ?
prisma:query INSERT INTO `main`.`HabitLog` (`habitId`, `completed`, `date`, `notes`) VALUES (?,?,?,?) RETURNING `id` AS `id`, `habitId` AS `habitId`, `completed` AS `completed`, `date` AS `date`, `notes` AS `notes`
prisma:query SELECT `main`.`Habit`.`id`, `main`.`Habit`.`name`, `main`.`Habit`.`description`, `main`.`Habit`.`frequency`, `main`.`Habit`.`color`, `main`.`Habit`.`icon`, `main`.`Habit`.`userId`, `main`.`Habit`.`createdAt`, `main`.`Habit`.`updatedAt` FROM `main`.`Habit` WHERE `main`.`Habit`.`userId` = ? ORDER BY `main`.`Habit`.`createdAt` DESC LIMIT ? OFFSET ?
prisma:query SELECT `main`.`HabitLog`.`id`, `main`.`HabitLog`.`habitId`, `main`.`HabitLog`.`completed`, `main`.`HabitLog`.`date`, `main`.`HabitLog`.`notes` FROM `main`.`HabitLog` WHERE `main`.`HabitLog`.`habitId` IN (?) ORDER BY `main`.`HabitLog`.`date` DESC LIMIT ? OFFSET ?
